error[E0277]: the type `UnsafeCell<*mut lua_State>` may contain interior mutability and a reference may not be safely transferrable across a catch_unwind boundary
 --> tests/compile/lua_norefunwindsafe.rs:7:18
  |
7 |     catch_unwind(|| lua.create_table().unwrap());
  |     ------------ ^^^^^^^^^^^^^^^^^^^^^^^^^^^^^^ `UnsafeCell<*mut lua_State>` may contain interior mutability and a reference may not be safely transferrable across a catch_unwind boundary
  |     |
  |     required by a bound introduced by this call
  |
  = help: within `mlua::types::sync::inner::ReentrantMutex<mlua::state::raw::RawLua>`, the trait `RefUnwindSafe` is not implemented for `UnsafeCell<*mut lua_State>`
note: required because it appears within the type `Cell<*mut lua_State>`
 --> $RUST/core/src/cell.rs
  |
  | pub struct Cell<T: ?Sized> {
  |            ^^^^
note: required because it appears within the type `mlua::state::raw::RawLua`
 --> src/state/raw.rs
  |
  | pub struct RawLua {
  |            ^^^^^^
note: required because it appears within the type `mlua::types::sync::inner::ReentrantMutex<mlua::state::raw::RawLua>`
 --> src/types/sync.rs
  |
  |     pub(crate) struct ReentrantMutex<T>(T);
  |                       ^^^^^^^^^^^^^^
  = note: required for `Rc<mlua::types::sync::inner::ReentrantMutex<mlua::state::raw::RawLua>>` to implement `RefUnwindSafe`
note: required because it appears within the type `Lua`
 --> src/state.rs
  |
  | pub struct Lua {
  |            ^^^
  = note: required for `&Lua` to implement `UnwindSafe`
note: required because it's used within this closure
 --> tests/compile/lua_norefunwindsafe.rs:7:18
  |
7 |     catch_unwind(|| lua.create_table().unwrap());
  |                  ^^
note: required by a bound in `std::panic::catch_unwind`
 --> $RUST/std/src/panic.rs
  |
  | pub fn catch_unwind<F: FnOnce() -> R + UnwindSafe, R>(f: F) -> Result<R> {
  |                                        ^^^^^^^^^^ required by this bound in `catch_unwind`

error[E0277]: the type `UnsafeCell<mlua::state::extra::ExtraData>` may contain interior mutability and a reference may not be safely transferrable across a catch_unwind boundary
 --> tests/compile/lua_norefunwindsafe.rs:7:18
  |
7 |     catch_unwind(|| lua.create_table().unwrap());
  |     ------------ ^^^^^^^^^^^^^^^^^^^^^^^^^^^^^^ `UnsafeCell<mlua::state::extra::ExtraData>` may contain interior mutability and a reference may not be safely transferrable across a catch_unwind boundary
  |     |
  |     required by a bound introduced by this call
  |
  = help: the trait `RefUnwindSafe` is not implemented for `UnsafeCell<mlua::state::extra::ExtraData>`
  = note: required for `Rc<UnsafeCell<mlua::state::extra::ExtraData>>` to implement `RefUnwindSafe`
note: required because it appears within the type `mlua::state::raw::RawLua`
 --> src/state/raw.rs
  |
  | pub struct RawLua {
  |            ^^^^^^
note: required because it appears within the type `mlua::types::sync::inner::ReentrantMutex<mlua::state::raw::RawLua>`
 --> src/types/sync.rs
  |
  |     pub(crate) struct ReentrantMutex<T>(T);
  |                       ^^^^^^^^^^^^^^
  = note: required for `Rc<mlua::types::sync::inner::ReentrantMutex<mlua::state::raw::RawLua>>` to implement `RefUnwindSafe`
note: required because it appears within the type `Lua`
 --> src/state.rs
  |
  | pub struct Lua {
  |            ^^^
  = note: required for `&Lua` to implement `UnwindSafe`
note: required because it's used within this closure
 --> tests/compile/lua_norefunwindsafe.rs:7:18
  |
7 |     catch_unwind(|| lua.create_table().unwrap());
  |                  ^^
note: required by a bound in `std::panic::catch_unwind`
 --> $RUST/std/src/panic.rs
  |
  | pub fn catch_unwind<F: FnOnce() -> R + UnwindSafe, R>(f: F) -> Result<R> {
  |                                        ^^^^^^^^^^ required by this bound in `catch_unwind`
